// Jest Snapshot v1, https://goo.gl/fbAQLP

exports[`generator initial render remains consistent 1`] = `
.c9 {
  display: inline-block;
  border-radius: 20px;
  padding: 6px 12px;
  width: auto;
  font-size: .75rem;
  font-weight: 400;
  text-transform: uppercase;
  border: 0;
  cursor: pointer !important;
  outline: none;
  -webkit-transition: background-color 0.2s ease;
  transition: background-color 0.2s ease;
  background-color: #00B7AC;
  color: white;
  box-sizing: border-box;
  position: relative;
}

.c9 svg {
  font-size: 14px;
  vertical-align: -3px !important;
  margin-right: 2px;
  cursor: pointer !important;
}

.c9:hover {
  background-color: #009e94;
}

.c9:active {
  position: relative;
  top: 1px;
}

.c9[disabled] {
  opacity: 0.5;
  cursor: default;
}

.c10 {
  display: inline-block;
  border-radius: 20px;
  padding: 6px 12px;
  width: auto;
  font-size: .75rem;
  font-weight: 400;
  text-transform: uppercase;
  border: 0;
  cursor: pointer !important;
  outline: none;
  -webkit-transition: background-color 0.2s ease;
  transition: background-color 0.2s ease;
  background-color: rgba(0,0,0,.25);
  color: white;
  box-sizing: border-box;
  position: relative;
}

.c10 svg {
  font-size: 14px;
  vertical-align: -3px !important;
  margin-right: 2px;
  cursor: pointer !important;
}

.c10:hover {
  background-color: rgba(0,0,0,.35);
}

.c10:active {
  position: relative;
  top: 1px;
}

.c10[disabled] {
  opacity: 0.5;
  cursor: default;
}

.c2 .num {
  color: #00B7AC;
}

.c0 {
  background: #31353D;
  padding: 12px;
  color: #fff;
  border-radius: 5px;
  font-weight: 300;
}

.c1 {
  font-size: 0.9rem;
  padding: 6px;
  margin: 0;
  background-color: rgba(0,0,0,.25);
  border-radius: 3px;
  overflow: hidden;
  font-weight: 400;
  cursor: copy;
}

.c3 {
  margin: 12px 0;
  font-size: 0.9rem;
}

.c3 label {
  display: block;
}

.c3 small {
  color: #777;
}

.c4 {
  display: block;
}

.c7 {
  display: -webkit-box;
  display: -webkit-flex;
  display: -ms-flexbox;
  display: flex;
}

.c7 span {
  -webkit-flex: 0;
  -ms-flex: 0;
  flex: 0;
  background-color: rgba(0,0,0,.25);
  padding: 0 3px;
  border-radius: 3px;
  font-family: monospace;
  width: 30px;
  margin-left: 6px;
}

.c7 input {
  -webkit-flex: 1;
  -ms-flex: 1;
  flex: 1;
}

.c5 {
  border-color: rgba(255,255,255,.50);
  border-radius: 3px;
}

.c6 {
  text-transform: uppercase;
  padding: 0 6px;
  font-size: 0.8em;
}

.c8 {
  display: -webkit-box;
  display: -webkit-flex;
  display: -ms-flexbox;
  display: flex;
  margin-top: 12px;
  -webkit-align-items: flex-start;
  -webkit-box-align: flex-start;
  -ms-flex-align: flex-start;
  align-items: flex-start;
  -webkit-flex-direction: row;
  -ms-flex-direction: row;
  flex-direction: row;
}

.c8 button {
  width: 50%;
}

.c8 button:first-child {
  margin-right: 6px;
}

<Generator
  isOpen={true}
>
  <GlobalStyleComponent />
  <Popover
    appendTarget={
      .c9 {
  display: inline-block;
  border-radius: 20px;
  padding: 6px 12px;
  width: auto;
  font-size: .75rem;
  font-weight: 400;
  text-transform: uppercase;
  border: 0;
  cursor: pointer !important;
  outline: none;
  -webkit-transition: background-color 0.2s ease;
  transition: background-color 0.2s ease;
  background-color: #00B7AC;
  color: white;
  box-sizing: border-box;
  position: relative;
}

.c9 svg {
  font-size: 14px;
  vertical-align: -3px !important;
  margin-right: 2px;
  cursor: pointer !important;
}

.c9:hover {
  background-color: #009e94;
}

.c9:active {
  position: relative;
  top: 1px;
}

.c9[disabled] {
  opacity: 0.5;
  cursor: default;
}

.c10 {
  display: inline-block;
  border-radius: 20px;
  padding: 6px 12px;
  width: auto;
  font-size: .75rem;
  font-weight: 400;
  text-transform: uppercase;
  border: 0;
  cursor: pointer !important;
  outline: none;
  -webkit-transition: background-color 0.2s ease;
  transition: background-color 0.2s ease;
  background-color: rgba(0,0,0,.25);
  color: white;
  box-sizing: border-box;
  position: relative;
}

.c10 svg {
  font-size: 14px;
  vertical-align: -3px !important;
  margin-right: 2px;
  cursor: pointer !important;
}

.c10:hover {
  background-color: rgba(0,0,0,.35);
}

.c10:active {
  position: relative;
  top: 1px;
}

.c10[disabled] {
  opacity: 0.5;
  cursor: default;
}

.c2 .num {
  color: #00B7AC;
}

.c0 {
  background: #31353D;
  padding: 12px;
  color: #fff;
  border-radius: 5px;
  font-weight: 300;
}

.c1 {
  font-size: 0.9rem;
  padding: 6px;
  margin: 0;
  background-color: rgba(0,0,0,.25);
  border-radius: 3px;
  overflow: hidden;
  font-weight: 400;
  cursor: copy;
}

.c3 {
  margin: 12px 0;
  font-size: 0.9rem;
}

.c3 label {
  display: block;
}

.c3 small {
  color: #777;
}

.c4 {
  display: block;
}

.c7 {
  display: -webkit-box;
  display: -webkit-flex;
  display: -ms-flexbox;
  display: flex;
}

.c7 span {
  -webkit-flex: 0;
  -ms-flex: 0;
  flex: 0;
  background-color: rgba(0,0,0,.25);
  padding: 0 3px;
  border-radius: 3px;
  font-family: monospace;
  width: 30px;
  margin-left: 6px;
}

.c7 input {
  -webkit-flex: 1;
  -ms-flex: 1;
  flex: 1;
}

.c5 {
  border-color: rgba(255,255,255,.50);
  border-radius: 3px;
}

.c6 {
  text-transform: uppercase;
  padding: 0 6px;
  font-size: 0.8em;
}

.c8 {
  display: -webkit-box;
  display: -webkit-flex;
  display: -ms-flexbox;
  display: flex;
  margin-top: 12px;
  -webkit-align-items: flex-start;
  -webkit-box-align: flex-start;
  -ms-flex-align: flex-start;
  align-items: flex-start;
  -webkit-flex-direction: row;
  -ms-flex-direction: row;
  flex-direction: row;
}

.c8 button {
  width: 50%;
}

.c8 button:first-child {
  margin-right: 6px;
}

<body>
        <div
          class="Popover Popover-above "
          style="position: absolute; top: -4px; left: -25px; display: flex; flex-flow: column; transform: translateY(0); opacity: 1;"
        >
          <div
            class="Popover-body"
          >
            <div
              class="c0"
            >
              <pre
                class="c1"
                role="content"
              >
                <span
                  class="c2"
                >
                  <span
                    class="str"
                  />
                </span>
              </pre>
              <div
                class="c3"
              >
                <div
                  class="c4"
                >
                  <input
                    checked=""
                    type="radio"
                  />
                   
                  Characters
                </div>
                <div
                  class="c4"
                >
                  <input
                    type="radio"
                  />
                   
                  Words
                </div>
              </div>
              <fieldset
                class="c5"
              >
                <legend
                  class="c6"
                >
                  Options
                </legend>
                <div
                  class="c7"
                >
                  <input
                    max="50"
                    min="10"
                    type="range"
                    value="20"
                  />
                  <span>
                    20
                  </span>
                </div>
                <div
                  class="c4"
                >
                  <input
                    checked=""
                    type="checkbox"
                  />
                   
                  Uppercase Letters
                </div>
                <div
                  class="c4"
                >
                  <input
                    checked=""
                    type="checkbox"
                  />
                   
                  Lowercase Letters
                </div>
                <div
                  class="c4"
                >
                  <input
                    checked=""
                    type="checkbox"
                  />
                   
                  Digits
                </div>
                <div
                  class="c4"
                >
                  <input
                    type="checkbox"
                  />
                   
                  Space
                </div>
                <div
                  class="c4"
                >
                  <input
                    checked=""
                    type="checkbox"
                  />
                   
                  Underscore & Dash
                </div>
                <div
                  class="c4"
                >
                  <input
                    type="checkbox"
                  />
                   
                  Symbols
                </div>
              </fieldset>
              <div
                class="c8"
              >
                <button
                  class="c9"
                  type="button"
                >
                  Generate
                </button>
                <button
                  class="c10"
                  type="button"
                >
                  Use This
                </button>
              </div>
            </div>
          </div>
          <svg
            class="Popover-tip"
            height="7"
            style="transform: translateX(-14px);"
            width="14"
          >
            <polygon
              class="Popover-tipShape"
              points="0,0 7,7, 14,0"
            />
          </svg>
          <object
            class="resize-sensor"
            data="about:blank"
            style="display: block; position: absolute; top: 0; left: 0; height: 100%; width: 100%; overflow: hidden; pointer-events: none; z-index: -1;"
            tabindex="-1"
            type="text/html"
          />
        </div>
      </body>
    }
    body={
      <GeneratorUserInterface
        onGenerate={[Function]}
      />
    }
    enterExitTransitionDurationMs={500}
    isOpen={true}
    offset={4}
    onOuterAction={[Function]}
    place={null}
    preferPlace={null}
    refreshIntervalMs={200}
    tipSize={7}
  >
    <a />
    <Portal
      containerInfo={
        <body>
          <div
            class="Popover Popover-above "
            style="position: absolute; top: -4px; left: -25px; display: flex; flex-flow: column; transform: translateY(0); opacity: 1;"
          >
            <div
              class="Popover-body"
            >
              <div
                class="c0"
              >
                <pre
                  class="c1"
                  role="content"
                >
                  <span
                    class="c2"
                  >
                    <span
                      class="str"
                    />
                  </span>
                </pre>
                <div
                  class="c3"
                >
                  <div
                    class="c4"
                  >
                    <input
                      checked=""
                      type="radio"
                    />
                     
                    Characters
                  </div>
                  <div
                    class="c4"
                  >
                    <input
                      type="radio"
                    />
                     
                    Words
                  </div>
                </div>
                <fieldset
                  class="c5"
                >
                  <legend
                    class="c6"
                  >
                    Options
                  </legend>
                  <div
                    class="c7"
                  >
                    <input
                      max="50"
                      min="10"
                      type="range"
                      value="20"
                    />
                    <span>
                      20
                    </span>
                  </div>
                  <div
                    class="c4"
                  >
                    <input
                      checked=""
                      type="checkbox"
                    />
                     
                    Uppercase Letters
                  </div>
                  <div
                    class="c4"
                  >
                    <input
                      checked=""
                      type="checkbox"
                    />
                     
                    Lowercase Letters
                  </div>
                  <div
                    class="c4"
                  >
                    <input
                      checked=""
                      type="checkbox"
                    />
                     
                    Digits
                  </div>
                  <div
                    class="c4"
                  >
                    <input
                      type="checkbox"
                    />
                     
                    Space
                  </div>
                  <div
                    class="c4"
                  >
                    <input
                      checked=""
                      type="checkbox"
                    />
                     
                    Underscore & Dash
                  </div>
                  <div
                    class="c4"
                  >
                    <input
                      type="checkbox"
                    />
                     
                    Symbols
                  </div>
                </fieldset>
                <div
                  class="c8"
                >
                  <button
                    class="c9"
                    type="button"
                  >
                    Generate
                  </button>
                  <button
                    class="c10"
                    type="button"
                  >
                    Use This
                  </button>
                </div>
              </div>
            </div>
            <svg
              class="Popover-tip"
              height="7"
              style="transform: translateX(-14px);"
              width="14"
            >
              <polygon
                class="Popover-tipShape"
                points="0,0 7,7, 14,0"
              />
            </svg>
            <object
              class="resize-sensor"
              data="about:blank"
              style="display: block; position: absolute; top: 0; left: 0; height: 100%; width: 100%; overflow: hidden; pointer-events: none; z-index: -1;"
              tabindex="-1"
              type="text/html"
            />
          </div>
        </body>
      }
    >
      <div
        className="Popover Popover-above "
        style={
          Object {
            "display": "flex",
            "left": 0,
            "position": "absolute",
            "top": 0,
          }
        }
      >
        <div
          className="Popover-body"
        >
          <GeneratorUserInterface
            onGenerate={[Function]}
          >
            <styled.div>
              <StyledComponent
                forwardedComponent={
                  Object {
                    "$$typeof": Symbol(react.forward_ref),
                    "attrs": Array [],
                    "componentStyle": ComponentStyle {
                      "componentId": "sc-EHOje",
                      "isStatic": true,
                      "lastClassName": "c0",
                      "rules": Array [
                        "
  background: ",
                        "#31353D",
                        ";
  padding: 12px;
  color: #fff;
  border-radius: 5px;
  font-weight: 300;
",
                      ],
                    },
                    "displayName": "styled.div",
                    "foldedComponentIds": Array [],
                    "render": [Function],
                    "styledComponentId": "sc-EHOje",
                    "target": "div",
                    "toString": [Function],
                    "warnTooManyClasses": [Function],
                    "withComponent": [Function],
                  }
                }
                forwardedRef={null}
              >
                <div
                  className="c0"
                >
                  <styled.pre
                    onClick={[Function]}
                    role="content"
                  >
                    <StyledComponent
                      forwardedComponent={
                        Object {
                          "$$typeof": Symbol(react.forward_ref),
                          "attrs": Array [],
                          "componentStyle": ComponentStyle {
                            "componentId": "sc-bZQynM",
                            "isStatic": true,
                            "lastClassName": "c1",
                            "rules": Array [
                              "
  font-size: 0.9rem;
  padding: 6px;
  margin: 0;
  background-color: ",
                              "rgba(0,0,0,.25)",
                              ";
  border-radius: 3px;
  overflow: hidden;
  font-weight: 400;
  cursor: copy;
",
                            ],
                          },
                          "displayName": "styled.pre",
                          "foldedComponentIds": Array [],
                          "render": [Function],
                          "styledComponentId": "sc-bZQynM",
                          "target": "pre",
                          "toString": [Function],
                          "warnTooManyClasses": [Function],
                          "withComponent": [Function],
                        }
                      }
                      forwardedRef={null}
                      onClick={[Function]}
                      role="content"
                    >
                      <pre
                        className="c1"
                        onClick={[Function]}
                        role="content"
                      >
                        <Styled(ColoredDigits)
                          value=""
                        >
                          <StyledComponent
                            forwardedComponent={
                              Object {
                                "$$typeof": Symbol(react.forward_ref),
                                "attrs": Array [],
                                "componentStyle": ComponentStyle {
                                  "componentId": "sc-ifAKCX",
                                  "isStatic": true,
                                  "lastClassName": "c2",
                                  "rules": Array [
                                    "
  .num {
    color: ",
                                    "#00B7AC",
                                    ";
  }
",
                                  ],
                                },
                                "displayName": "Styled(ColoredDigits)",
                                "foldedComponentIds": Array [],
                                "render": [Function],
                                "styledComponentId": "sc-ifAKCX",
                                "target": [Function],
                                "toString": [Function],
                                "warnTooManyClasses": [Function],
                                "withComponent": [Function],
                              }
                            }
                            forwardedRef={null}
                            value=""
                          >
                            <ColoredDigits
                              className="c2"
                              value=""
                            >
                              <span
                                className="c2"
                              >
                                <span
                                  className="str"
                                  key="0"
                                />
                              </span>
                            </ColoredDigits>
                          </StyledComponent>
                        </Styled(ColoredDigits)>
                      </pre>
                    </StyledComponent>
                  </styled.pre>
                  <styled.div>
                    <StyledComponent
                      forwardedComponent={
                        Object {
                          "$$typeof": Symbol(react.forward_ref),
                          "attrs": Array [],
                          "componentStyle": ComponentStyle {
                            "componentId": "sc-gzVnrw",
                            "isStatic": true,
                            "lastClassName": "c3",
                            "rules": Array [
                              "
  margin: 12px 0;
  font-size: 0.9rem;

  label {
    display: block;
  }

  small {
    color: ",
                              "#777",
                              ";
  }
",
                            ],
                          },
                          "displayName": "styled.div",
                          "foldedComponentIds": Array [],
                          "render": [Function],
                          "styledComponentId": "sc-gzVnrw",
                          "target": "div",
                          "toString": [Function],
                          "warnTooManyClasses": [Function],
                          "withComponent": [Function],
                        }
                      }
                      forwardedRef={null}
                    >
                      <div
                        className="c3"
                      >
                        <styled.div>
                          <StyledComponent
                            forwardedComponent={
                              Object {
                                "$$typeof": Symbol(react.forward_ref),
                                "attrs": Array [],
                                "componentStyle": ComponentStyle {
                                  "componentId": "sc-htoDjs",
                                  "isStatic": true,
                                  "lastClassName": "c4",
                                  "rules": Array [
                                    "
  display: block;
",
                                  ],
                                },
                                "displayName": "styled.div",
                                "foldedComponentIds": Array [],
                                "render": [Function],
                                "styledComponentId": "sc-htoDjs",
                                "target": "div",
                                "toString": [Function],
                                "warnTooManyClasses": [Function],
                                "withComponent": [Function],
                              }
                            }
                            forwardedRef={null}
                          >
                            <div
                              className="c4"
                            >
                              <input
                                checked={true}
                                onChange={[Function]}
                                type="radio"
                              />
                               
                              Characters
                            </div>
                          </StyledComponent>
                        </styled.div>
                        <styled.div>
                          <StyledComponent
                            forwardedComponent={
                              Object {
                                "$$typeof": Symbol(react.forward_ref),
                                "attrs": Array [],
                                "componentStyle": ComponentStyle {
                                  "componentId": "sc-htoDjs",
                                  "isStatic": true,
                                  "lastClassName": "c4",
                                  "rules": Array [
                                    "
  display: block;
",
                                  ],
                                },
                                "displayName": "styled.div",
                                "foldedComponentIds": Array [],
                                "render": [Function],
                                "styledComponentId": "sc-htoDjs",
                                "target": "div",
                                "toString": [Function],
                                "warnTooManyClasses": [Function],
                                "withComponent": [Function],
                              }
                            }
                            forwardedRef={null}
                          >
                            <div
                              className="c4"
                            >
                              <input
                                checked={false}
                                onChange={[Function]}
                                type="radio"
                              />
                               
                              Words
                            </div>
                          </StyledComponent>
                        </styled.div>
                      </div>
                    </StyledComponent>
                  </styled.div>
                  <styled.fieldset>
                    <StyledComponent
                      forwardedComponent={
                        Object {
                          "$$typeof": Symbol(react.forward_ref),
                          "attrs": Array [],
                          "componentStyle": ComponentStyle {
                            "componentId": "sc-iwsKbI",
                            "isStatic": true,
                            "lastClassName": "c5",
                            "rules": Array [
                              "
  border-color: ",
                              "rgba(255,255,255,.50)",
                              ";
  border-radius: 3px;
",
                            ],
                          },
                          "displayName": "styled.fieldset",
                          "foldedComponentIds": Array [],
                          "render": [Function],
                          "styledComponentId": "sc-iwsKbI",
                          "target": "fieldset",
                          "toString": [Function],
                          "warnTooManyClasses": [Function],
                          "withComponent": [Function],
                        }
                      }
                      forwardedRef={null}
                    >
                      <fieldset
                        className="c5"
                      >
                        <styled.legend>
                          <StyledComponent
                            forwardedComponent={
                              Object {
                                "$$typeof": Symbol(react.forward_ref),
                                "attrs": Array [],
                                "componentStyle": ComponentStyle {
                                  "componentId": "sc-gZMcBi",
                                  "isStatic": true,
                                  "lastClassName": "c6",
                                  "rules": Array [
                                    "
  text-transform: uppercase;
  padding: 0 6px;
  font-size: 0.8em;
",
                                  ],
                                },
                                "displayName": "styled.legend",
                                "foldedComponentIds": Array [],
                                "render": [Function],
                                "styledComponentId": "sc-gZMcBi",
                                "target": "legend",
                                "toString": [Function],
                                "warnTooManyClasses": [Function],
                                "withComponent": [Function],
                              }
                            }
                            forwardedRef={null}
                          >
                            <legend
                              className="c6"
                            >
                              Options
                            </legend>
                          </StyledComponent>
                        </styled.legend>
                        <styled.div>
                          <StyledComponent
                            forwardedComponent={
                              Object {
                                "$$typeof": Symbol(react.forward_ref),
                                "attrs": Array [],
                                "componentStyle": ComponentStyle {
                                  "componentId": "sc-dnqmqq",
                                  "isStatic": true,
                                  "lastClassName": "c7",
                                  "rules": Array [
                                    "
  display: flex;

  span {
    flex: 0;
    background-color: ",
                                    "rgba(0,0,0,.25)",
                                    ";
    padding: 0 3px;
    border-radius: 3px;
    font-family: monospace;
    width: 30px;
    margin-left: 6px;
  }

  input {
    flex: 1;
  }
",
                                  ],
                                },
                                "displayName": "styled.div",
                                "foldedComponentIds": Array [],
                                "render": [Function],
                                "styledComponentId": "sc-dnqmqq",
                                "target": "div",
                                "toString": [Function],
                                "warnTooManyClasses": [Function],
                                "withComponent": [Function],
                              }
                            }
                            forwardedRef={null}
                          >
                            <div
                              className="c7"
                            >
                              <input
                                max="50"
                                min="10"
                                onChange={[Function]}
                                type="range"
                                value={20}
                              />
                              <span>
                                20
                              </span>
                            </div>
                          </StyledComponent>
                        </styled.div>
                        <styled.div>
                          <StyledComponent
                            forwardedComponent={
                              Object {
                                "$$typeof": Symbol(react.forward_ref),
                                "attrs": Array [],
                                "componentStyle": ComponentStyle {
                                  "componentId": "sc-htoDjs",
                                  "isStatic": true,
                                  "lastClassName": "c4",
                                  "rules": Array [
                                    "
  display: block;
",
                                  ],
                                },
                                "displayName": "styled.div",
                                "foldedComponentIds": Array [],
                                "render": [Function],
                                "styledComponentId": "sc-htoDjs",
                                "target": "div",
                                "toString": [Function],
                                "warnTooManyClasses": [Function],
                                "withComponent": [Function],
                              }
                            }
                            forwardedRef={null}
                          >
                            <div
                              className="c4"
                            >
                              <input
                                checked={true}
                                onChange={[Function]}
                                type="checkbox"
                              />
                               
                              Uppercase Letters
                            </div>
                          </StyledComponent>
                        </styled.div>
                        <styled.div>
                          <StyledComponent
                            forwardedComponent={
                              Object {
                                "$$typeof": Symbol(react.forward_ref),
                                "attrs": Array [],
                                "componentStyle": ComponentStyle {
                                  "componentId": "sc-htoDjs",
                                  "isStatic": true,
                                  "lastClassName": "c4",
                                  "rules": Array [
                                    "
  display: block;
",
                                  ],
                                },
                                "displayName": "styled.div",
                                "foldedComponentIds": Array [],
                                "render": [Function],
                                "styledComponentId": "sc-htoDjs",
                                "target": "div",
                                "toString": [Function],
                                "warnTooManyClasses": [Function],
                                "withComponent": [Function],
                              }
                            }
                            forwardedRef={null}
                          >
                            <div
                              className="c4"
                            >
                              <input
                                checked={true}
                                onChange={[Function]}
                                type="checkbox"
                              />
                               
                              Lowercase Letters
                            </div>
                          </StyledComponent>
                        </styled.div>
                        <styled.div>
                          <StyledComponent
                            forwardedComponent={
                              Object {
                                "$$typeof": Symbol(react.forward_ref),
                                "attrs": Array [],
                                "componentStyle": ComponentStyle {
                                  "componentId": "sc-htoDjs",
                                  "isStatic": true,
                                  "lastClassName": "c4",
                                  "rules": Array [
                                    "
  display: block;
",
                                  ],
                                },
                                "displayName": "styled.div",
                                "foldedComponentIds": Array [],
                                "render": [Function],
                                "styledComponentId": "sc-htoDjs",
                                "target": "div",
                                "toString": [Function],
                                "warnTooManyClasses": [Function],
                                "withComponent": [Function],
                              }
                            }
                            forwardedRef={null}
                          >
                            <div
                              className="c4"
                            >
                              <input
                                checked={true}
                                onChange={[Function]}
                                type="checkbox"
                              />
                               
                              Digits
                            </div>
                          </StyledComponent>
                        </styled.div>
                        <styled.div>
                          <StyledComponent
                            forwardedComponent={
                              Object {
                                "$$typeof": Symbol(react.forward_ref),
                                "attrs": Array [],
                                "componentStyle": ComponentStyle {
                                  "componentId": "sc-htoDjs",
                                  "isStatic": true,
                                  "lastClassName": "c4",
                                  "rules": Array [
                                    "
  display: block;
",
                                  ],
                                },
                                "displayName": "styled.div",
                                "foldedComponentIds": Array [],
                                "render": [Function],
                                "styledComponentId": "sc-htoDjs",
                                "target": "div",
                                "toString": [Function],
                                "warnTooManyClasses": [Function],
                                "withComponent": [Function],
                              }
                            }
                            forwardedRef={null}
                          >
                            <div
                              className="c4"
                            >
                              <input
                                checked={false}
                                onChange={[Function]}
                                type="checkbox"
                              />
                               
                              Space
                            </div>
                          </StyledComponent>
                        </styled.div>
                        <styled.div>
                          <StyledComponent
                            forwardedComponent={
                              Object {
                                "$$typeof": Symbol(react.forward_ref),
                                "attrs": Array [],
                                "componentStyle": ComponentStyle {
                                  "componentId": "sc-htoDjs",
                                  "isStatic": true,
                                  "lastClassName": "c4",
                                  "rules": Array [
                                    "
  display: block;
",
                                  ],
                                },
                                "displayName": "styled.div",
                                "foldedComponentIds": Array [],
                                "render": [Function],
                                "styledComponentId": "sc-htoDjs",
                                "target": "div",
                                "toString": [Function],
                                "warnTooManyClasses": [Function],
                                "withComponent": [Function],
                              }
                            }
                            forwardedRef={null}
                          >
                            <div
                              className="c4"
                            >
                              <input
                                checked={true}
                                onChange={[Function]}
                                type="checkbox"
                              />
                               
                              Underscore & Dash
                            </div>
                          </StyledComponent>
                        </styled.div>
                        <styled.div>
                          <StyledComponent
                            forwardedComponent={
                              Object {
                                "$$typeof": Symbol(react.forward_ref),
                                "attrs": Array [],
                                "componentStyle": ComponentStyle {
                                  "componentId": "sc-htoDjs",
                                  "isStatic": true,
                                  "lastClassName": "c4",
                                  "rules": Array [
                                    "
  display: block;
",
                                  ],
                                },
                                "displayName": "styled.div",
                                "foldedComponentIds": Array [],
                                "render": [Function],
                                "styledComponentId": "sc-htoDjs",
                                "target": "div",
                                "toString": [Function],
                                "warnTooManyClasses": [Function],
                                "withComponent": [Function],
                              }
                            }
                            forwardedRef={null}
                          >
                            <div
                              className="c4"
                            >
                              <input
                                checked={false}
                                onChange={[Function]}
                                type="checkbox"
                              />
                               
                              Symbols
                            </div>
                          </StyledComponent>
                        </styled.div>
                      </fieldset>
                    </StyledComponent>
                  </styled.fieldset>
                  <styled.div>
                    <StyledComponent
                      forwardedComponent={
                        Object {
                          "$$typeof": Symbol(react.forward_ref),
                          "attrs": Array [],
                          "componentStyle": ComponentStyle {
                            "componentId": "sc-gqjmRU",
                            "isStatic": true,
                            "lastClassName": "c8",
                            "rules": Array [
                              "
  display: flex;
  margin-top: 12px;
  align-items: flex-start;
  flex-direction: row;

  button {
    width: 50%;

    &:first-child {
      margin-right: 6px;
    }
  }
",
                            ],
                          },
                          "displayName": "styled.div",
                          "foldedComponentIds": Array [],
                          "render": [Function],
                          "styledComponentId": "sc-gqjmRU",
                          "target": "div",
                          "toString": [Function],
                          "warnTooManyClasses": [Function],
                          "withComponent": [Function],
                        }
                      }
                      forwardedRef={null}
                    >
                      <div
                        className="c8"
                      >
                        <Styled(BaseButton)
                          onClick={[Function]}
                          primary={true}
                        >
                          <StyledComponent
                            forwardedComponent={
                              Object {
                                "$$typeof": Symbol(react.forward_ref),
                                "attrs": Array [],
                                "componentStyle": ComponentStyle {
                                  "componentId": "sc-bdVaJa",
                                  "isStatic": false,
                                  "lastClassName": "c10",
                                  "rules": Array [
                                    "
  display: inline-block;
  ",
                                    [Function],
                                    ";
  font-size: ",
                                    [Function],
                                    ";
  font-weight: 400;
  text-transform: uppercase;
  border: 0;
  cursor: pointer !important;
  outline: none;
  transition: background-color 0.2s ease;
  background-color: ",
                                    [Function],
                                    ";
  color: ",
                                    [Function],
                                    ";
  box-sizing: border-box;
  position: relative;

  &:hover {
    background-color: ",
                                    [Function],
                                    ";
  }

  &:active {
    position: relative;
    top: 1px;
  }

  &[disabled] {
    opacity: 0.5;
    cursor: default;
  }

  ",
                                    [Function],
                                    ";
",
                                  ],
                                },
                                "displayName": "Styled(BaseButton)",
                                "foldedComponentIds": Array [],
                                "propTypes": Object {
                                  "children": [Function],
                                  "className": [Function],
                                  "danger": [Function],
                                  "dark": [Function],
                                  "disabled": [Function],
                                  "full": [Function],
                                  "icon": [Function],
                                  "primary": [Function],
                                  "transparent": [Function],
                                  "type": [Function],
                                },
                                "render": [Function],
                                "styledComponentId": "sc-bdVaJa",
                                "target": [Function],
                                "toString": [Function],
                                "warnTooManyClasses": [Function],
                                "withComponent": [Function],
                              }
                            }
                            forwardedRef={null}
                            onClick={[Function]}
                            primary={true}
                          >
                            <BaseButton
                              className="c9"
                              onClick={[Function]}
                              primary={true}
                            >
                              <button
                                className="c9"
                                onClick={[Function]}
                                type="button"
                              >
                                Generate
                              </button>
                            </BaseButton>
                          </StyledComponent>
                        </Styled(BaseButton)>
                        <Styled(BaseButton)
                          dark={true}
                          onClick={[Function]}
                        >
                          <StyledComponent
                            dark={true}
                            forwardedComponent={
                              Object {
                                "$$typeof": Symbol(react.forward_ref),
                                "attrs": Array [],
                                "componentStyle": ComponentStyle {
                                  "componentId": "sc-bdVaJa",
                                  "isStatic": false,
                                  "lastClassName": "c10",
                                  "rules": Array [
                                    "
  display: inline-block;
  ",
                                    [Function],
                                    ";
  font-size: ",
                                    [Function],
                                    ";
  font-weight: 400;
  text-transform: uppercase;
  border: 0;
  cursor: pointer !important;
  outline: none;
  transition: background-color 0.2s ease;
  background-color: ",
                                    [Function],
                                    ";
  color: ",
                                    [Function],
                                    ";
  box-sizing: border-box;
  position: relative;

  &:hover {
    background-color: ",
                                    [Function],
                                    ";
  }

  &:active {
    position: relative;
    top: 1px;
  }

  &[disabled] {
    opacity: 0.5;
    cursor: default;
  }

  ",
                                    [Function],
                                    ";
",
                                  ],
                                },
                                "displayName": "Styled(BaseButton)",
                                "foldedComponentIds": Array [],
                                "propTypes": Object {
                                  "children": [Function],
                                  "className": [Function],
                                  "danger": [Function],
                                  "dark": [Function],
                                  "disabled": [Function],
                                  "full": [Function],
                                  "icon": [Function],
                                  "primary": [Function],
                                  "transparent": [Function],
                                  "type": [Function],
                                },
                                "render": [Function],
                                "styledComponentId": "sc-bdVaJa",
                                "target": [Function],
                                "toString": [Function],
                                "warnTooManyClasses": [Function],
                                "withComponent": [Function],
                              }
                            }
                            forwardedRef={null}
                            onClick={[Function]}
                          >
                            <BaseButton
                              className="c10"
                              dark={true}
                              onClick={[Function]}
                            >
                              <button
                                className="c10"
                                onClick={[Function]}
                                type="button"
                              >
                                Use This
                              </button>
                            </BaseButton>
                          </StyledComponent>
                        </Styled(BaseButton)>
                      </div>
                    </StyledComponent>
                  </styled.div>
                </div>
              </StyledComponent>
            </styled.div>
          </GeneratorUserInterface>
        </div>
        <Tip
          direction="down"
          size={7}
        >
          <svg
            className="Popover-tip"
            height={7}
            width={14}
          >
            <polygon
              className="Popover-tipShape"
              points="0,0 7,7, 14,0"
            />
          </svg>
        </Tip>
      </div>
    </Portal>
  </Popover>
</Generator>
`;
